Last login: Mon Feb  3 17:16:47 on console
rajaniapple@Rajanis-MacBook-Pro ~ % sw_vers
ProductName:		macOS
ProductVersion:		15.1
BuildVersion:		24B83
rajaniapple@Rajanis-MacBook-Pro ~ % arch
arm64
rajaniapple@Rajanis-MacBook-Pro ~ % cd $HOME/Desktop/GitHub/Ruby-Add/Ruby/macOSarm64/Rails/RubyWebsite
rajaniapple@Rajanis-MacBook-Pro RubyWebsite % cd www.ruby-lang.org
rajaniapple@Rajanis-MacBook-Pro www.ruby-lang.org % ruby --version
ruby 3.4.1 (2024-12-25 revision 48d4efcb85) +PRISM [arm64-darwin24]
rajaniapple@Rajanis-MacBook-Pro www.ruby-lang.org % gem --version
3.6.3
rajaniapple@Rajanis-MacBook-Pro www.ruby-lang.org % bundler --version
Bundler version 2.6.3
rajaniapple@Rajanis-MacBook-Pro www.ruby-lang.org % bundle --version
Bundler version 2.6.3
rajaniapple@Rajanis-MacBook-Pro www.ruby-lang.org % rails --version
Rails 8.0.1
rajaniapple@Rajanis-MacBook-Pro www.ruby-lang.org % bundle config set --local without production
rajaniapple@Rajanis-MacBook-Pro www.ruby-lang.org % bundle install
Bundler 2.6.3 is running, but your lockfile was generated with 2.5.17. Installing Bundler 2.5.17 and restarting using that version.
Fetching gem metadata from https://rubygems.org/.
Fetching bundler 2.5.17
Installing bundler 2.5.17
Fetching gem metadata from https://rubygems.org/.........
Resolving dependencies...
Fetching fiber-annotation 0.2.0
Fetching fiber-storage 1.0.0
Fetching public_suffix 6.0.1
Fetching bigdecimal 3.1.8
Fetching afm 0.2.2
Fetching json 2.7.2
Fetching io-event 1.6.5
Fetching Ascii85 1.1.1
Installing fiber-annotation 0.2.0
Installing fiber-storage 1.0.0
Fetching concurrent-ruby 1.3.4
Fetching csv 3.3.0
Installing public_suffix 6.0.1
Using ffi 1.17.1 (arm64-darwin) (was 1.17.0)
Fetching hashery 2.1.2
Installing bigdecimal 3.1.8 with native extensions
Installing afm 0.2.2
Fetching ruby-rc4 0.1.5
Installing json 2.7.2 with native extensions
Installing io-event 1.6.5 with native extensions
Installing Ascii85 1.1.1
Fetching rainbow 3.1.1
Installing concurrent-ruby 1.3.4
Fetching yell 2.2.2
Installing csv 3.3.0
Fetching zeitwerk 2.6.17
Installing hashery 2.1.2
Installing ruby-rc4 0.1.5
Fetching rexml 3.3.9
Fetching mercenary 0.4.0
Installing rainbow 3.1.1
Fetching rouge 4.3.0
Installing yell 2.2.2
Fetching unicode-display_width 2.5.0
Installing zeitwerk 2.6.17
Fetching webrick 1.8.2
Installing rexml 3.3.9
Fetching minitest 5.25.1
Installing mercenary 0.4.0
Fetching paint 2.3.0
Installing rouge 4.3.0
Installing unicode-display_width 2.5.0
Fetching slop 4.10.1
Installing webrick 1.8.2
Fetching fiber-local 1.1.0
Fetching tidy_ffi 1.0.1
Installing minitest 5.25.1
Using nokogiri 1.18.2 (arm64-darwin) (was 1.16.7)
Fetching spidr 0.7.1
Installing paint 2.3.0
Installing slop 4.10.1
Installing fiber-local 1.1.0
Installing tidy_ffi 1.0.1
Installing spidr 0.7.1
Fetching console 1.27.0
Fetching w3c_validators 1.3.7
Installing console 1.27.0
Fetching async 2.15.3
Installing w3c_validators 1.3.7
Fetching validate-website 1.12.0
Installing async 2.15.3
Installing validate-website 1.12.0
Fetching google-protobuf 4.29.3 (arm64-darwin) (was 4.27.5)
Fetching ttfunk 1.8.0
Installing google-protobuf 4.29.3 (arm64-darwin) (was 4.27.5)
Installing ttfunk 1.8.0
Fetching sass-embedded 1.77.8 (arm64-darwin)
Fetching pdf-reader 2.12.0
Installing pdf-reader 2.12.0
Installing sass-embedded 1.77.8 (arm64-darwin)
Fetching html-proofer 5.0.9
Fetching jekyll-sass-converter 3.0.0
Installing html-proofer 5.0.9
Installing jekyll-sass-converter 3.0.0
Fetching jekyll 4.3.3
Installing jekyll 4.3.3
Bundle complete! 8 Gemfile dependencies, 63 gems now installed.
Gems in the group 'production' were not installed.
Use `bundle info [gemname]` to see where a bundled gem is installed.
1 installed gem you directly depend on is looking for funding.
  Run `bundle fund` for details
rajaniapple@Rajanis-MacBook-Pro www.ruby-lang.org % bundle exec rake build
/opt/homebrew/Cellar/ruby/3.4.1/lib/ruby/gems/3.4.0/gems/jekyll-4.3.3/lib/jekyll.rb:26: warning: logger was loaded from the standard library, but will no longer be part of the default gems starting from Ruby 3.5.0.
You can add logger to your Gemfile or gemspec to silence this warning.
Configuration file: /Users/rajaniapple/Desktop/GitHub/Ruby-Add/Ruby/macOSarm64/Rails/RubyWebsite/www.ruby-lang.org/_config.yml
            Source: /Users/rajaniapple/Desktop/GitHub/Ruby-Add/Ruby/macOSarm64/Rails/RubyWebsite/www.ruby-lang.org
       Destination: /Users/rajaniapple/Desktop/GitHub/Ruby-Add/Ruby/macOSarm64/Rails/RubyWebsite/www.ruby-lang.org/_site
 Incremental build: disabled. Enable with --incremental
      Generating... 
                    done in 14.967 seconds.
 Auto-regeneration: disabled. Use --watch to enable.
rajaniapple@Rajanis-MacBook-Pro www.ruby-lang.org % bundle exec rake serve
/opt/homebrew/Cellar/ruby/3.4.1/lib/ruby/gems/3.4.0/gems/jekyll-4.3.3/lib/jekyll.rb:26: warning: logger was loaded from the standard library, but will no longer be part of the default gems starting from Ruby 3.5.0.
You can add logger to your Gemfile or gemspec to silence this warning.
Configuration file: /Users/rajaniapple/Desktop/GitHub/Ruby-Add/Ruby/macOSarm64/Rails/RubyWebsite/www.ruby-lang.org/_config.yml
    Server address: http://127.0.0.1:4000
  Server running... press ctrl-c to stop.
[2025-02-03 12:11:15] ERROR Errno::ECONNRESET: Connection reset by peer @ io_fillbuf - fd:12 
	/opt/homebrew/Cellar/ruby/3.4.1/lib/ruby/gems/3.4.0/gems/webrick-1.8.2/lib/webrick/httpserver.rb:82:in 'IO#eof?'
	/opt/homebrew/Cellar/ruby/3.4.1/lib/ruby/gems/3.4.0/gems/webrick-1.8.2/lib/webrick/httpserver.rb:82:in 'WEBrick::HTTPServer#run'
	/opt/homebrew/Cellar/ruby/3.4.1/lib/ruby/gems/3.4.0/gems/webrick-1.8.2/lib/webrick/server.rb:310:in 'block in WEBrick::GenericServer#start_thread'
^C%                                                                                                                                         rajaniapple@Rajanis-MacBook-Pro www.ruby-lang.org % 
